00:20:23 
00:21:14 check env lib attempts/1.dsl
00:21:22 run --strategy mw14 --data data/weekly --capital 1000000 --compounding off --frictionless --commission-bps 10 --margin-rate 0 --on-leverage allow --delist-proceeds last-price --price-relation trclose --actions in-prices --lot fractional --start 2016-01-01 --periods-per-year 52 env lib attempts/1.dsl
00:22:27 run --strategy mw14 --data data/weekly --capital 1000000 --compounding off --frictionless --commission-bps 10 --margin-rate 0 --on-leverage allow --delist-proceeds last-price --price-relation trclose --actions in-prices --lot fractional --start 2016-01-01 --periods-per-year 52 --quiet --ledger padj,m40,latched,eligible,scrank,liqrank,cumlf,split,close,trclose,universe,dial,tgt --ledger-out ledger1 env lib attempts/1.dsl
00:23:03 check env lib attempts/2.dsl
00:23:09 check env lib attempts/3.dsl
00:23:13 run --strategy mw14 --data data/weekly --capital 1000000 --compounding off --frictionless --commission-bps 10 --margin-rate 0 --on-leverage allow --delist-proceeds last-price --price-relation trclose --actions in-prices --lot fractional --start 2016-01-01 --periods-per-year 52 --quiet --ledger dg_cnt,dg_ratio,dg_padj,dg_close,dg_tr,dg_split,dg_dvol,dg_rowno,dg_score,dg_m40,dg_adv4,latched,scrank,liqrank,eligible,liquid,enter,may_stay,dial,tgt,held,panic,gate,crowded --ledger-out ledger3 env lib attempts/3.dsl
00:25:28 check env lib attempts/4.dsl
00:25:28 run --strategy mw14 --data data/weekly --capital 1000000 --compounding off --frictionless --commission-bps 10 --margin-rate 0 --on-leverage allow --delist-proceeds last-price --price-relation trclose --actions in-prices --lot fractional --periods-per-year 52 --quiet --ledger dg_cnt,dg_ratio,dg_padj,dg_close,dg_tr,dg_split,dg_dvol,dg_rowno,dg_score,dg_m40,dg_adv4,dg_sp1500,dg_spx,dg_vix,dg_vixma,latched,may_stay,scrank,liqrank,eligible,liquid,enter,gate,vixcalm,calm,panic,dial,tgt,held --ledger-out ledger4 attempts/4.dsl
00:25:33 run --strategy mw14 --data data/weekly --capital 1000000 --compounding off --frictionless --commission-bps 10 --margin-rate 0 --on-leverage allow --delist-proceeds last-price --price-relation trclose --actions in-prices --lot fractional --periods-per-year 52 --quiet --ledger dg_cnt,dg_ratio,dg_padj,dg_close,dg_tr,dg_split,dg_dvol,dg_rowno,dg_score,dg_m40,dg_adv4,dg_sp1500,dg_spx,dg_vix,dg_vixma,latched,may_stay,scrank,liqrank,eligible,liquid,enter,gate,vixcalm,calm,panic,dial,tgt,held --ledger-out ledger4 env lib attempts/4.dsl
00:28:55 check env lib final.dsl
00:28:58 run --strategy mw14 --data data/weekly --capital 1000000 --compounding off --frictionless --commission-bps 10 --margin-rate 0 --on-leverage allow --delist-proceeds last-price --price-relation trclose --actions in-prices --lot fractional --start 2016-01-01 --periods-per-year 52 env lib final.dsl
00:29:14 show --strategy mw14 env lib final.dsl
00:29:19 query --strategy mw14 --rel decide --at 2016-01-15 --symbol E036 --explain --data data/weekly --capital 1000000 --compounding off --frictionless --commission-bps 10 --margin-rate 0 --on-leverage allow --delist-proceeds last-price --price-relation trclose --actions in-prices --lot fractional --start 2016-01-01 env lib final.dsl
00:29:39 query --strategy mw14 --rel decide --at 2016-01-29 --explain --data data/weekly --capital 1000000 --compounding off --frictionless --commission-bps 10 --margin-rate 0 --on-leverage allow --delist-proceeds last-price --price-relation trclose --actions in-prices --lot fractional --start 2016-01-01 env lib final.dsl
00:29:51 query --strategy mw14 --rel panic --at 2016-01-29 --explain --data data/weekly --capital 1000000 --compounding off --frictionless --commission-bps 10 --margin-rate 0 --on-leverage allow --delist-proceeds last-price --price-relation trclose --actions in-prices --lot fractional --start 2016-01-01 env lib final.dsl
00:30:09 query --strategy mw14 --rel crowded --at 2018-10-05 --explain --data data/weekly --capital 1000000 --compounding off --frictionless --commission-bps 10 --margin-rate 0 --on-leverage allow --delist-proceeds last-price --price-relation trclose --actions in-prices --lot fractional --start 2016-01-01 env lib final.dsl
00:30:21 query --strategy mw14 --rel latched --at 2016-01-29 --symbol E036 --explain --data data/weekly --capital 1000000 --compounding off --frictionless --commission-bps 10 --margin-rate 0 --on-leverage allow --delist-proceeds last-price --price-relation trclose --actions in-prices --lot fractional --start 2016-01-01 env lib final.dsl
00:30:53 query --strategy mw14 --rel calm --at 2016-01-29 --explain --data data/weekly --capital 1000000 --compounding off --frictionless --commission-bps 10 --margin-rate 0 --on-leverage allow --delist-proceeds last-price --price-relation trclose --actions in-prices --lot fractional --start 2016-01-01 env lib final.dsl
00:31:04 query --strategy mw14 --rel enter --at 2016-01-15 --symbol E036 --explain --data data/weekly --capital 1000000 --compounding off --frictionless --commission-bps 10 --margin-rate 0 --on-leverage allow --delist-proceeds last-price --price-relation trclose --actions in-prices --lot fractional --start 2016-01-01 env lib final.dsl
00:31:22 query --strategy mw14 --rel liquid --at 2016-01-15 --symbol E036 --explain --data data/weekly --capital 1000000 --compounding off --frictionless --commission-bps 10 --margin-rate 0 --on-leverage allow --delist-proceeds last-price --price-relation trclose --actions in-prices --lot fractional --start 2016-01-01 env lib final.dsl
00:32:07 run --strategy mw14 --data data/weekly --capital 1000000 --compounding off --frictionless --commission-bps 10 --margin-rate 0 --on-leverage allow --delist-proceeds last-price --price-relation trclose --actions in-prices --lot fractional --start 2016-01-01 --periods-per-year 52 --param crowd_frac=0.1 env lib final.dsl
